Error on line 1: Read ], expected )
((()()()){{}{}{}}[[(]
                     [][]])
