Error on line 31: Read ], expected }
    cout << "s1.empty() = "]
                             << s1.empty() << "\n";
