Error on line 21: Too many )
int basic_int_stack)
                    ::top(){
